
> website@0.0.0 build
> vite build

[36mvite v7.3.1 [32mbuilding client environment for production...[36m[39m
transforming...
[32mΓ£ô[39m 4 modules transformed.
node.exe : 
[31mΓ£ù[39m Build 
failed in 141ms
At C:\Program Files\n
odejs\npm.ps1:29 
char:3
+   & $NODE_EXE 
$NPM_CLI_JS $args
+   ~~~~~~~~~~~~~~~~~
~~~~~~~~~~~~
    + CategoryInfo   
           : NotSpe  
  cified: ([31mΓ£   
 ù[39m Build fai    
led in 141ms:Str    
ing) [], RemoteE    
xception
    + FullyQualified 
   ErrorId : Native  
  CommandError
 
[31merror during 
build:
[31m[@tailwindcss/vi
te:generate:build] 
Cannot apply unknown 
utility class `ease-[
cubic-bezier(0.4,`[3
1m
file: [36mE:/Aditi/a
sian/website/src/inde
x.css[31m
    at 
onInvalidCandidate (f
ile:///E:/Aditi/asian
/website/node_modules
/tailwindcss/dist/chu
nk-CT46QCH7.mjs:21:15
11)
    at Ce (file:///E:
/Aditi/asian/website/
node_modules/tailwind
css/dist/chunk-CT46QC
H7.mjs:16:36326)
    at file:///E:/Adi
ti/asian/website/node
_modules/tailwindcss/
dist/chunk-CT46QCH7.m
js:21:355
    at br (file:///E:
/Aditi/asian/website/
node_modules/tailwind
css/dist/chunk-CT46QC
H7.mjs:3:1718)
    at I (file:///E:/
Aditi/asian/website/n
ode_modules/tailwindc
ss/dist/chunk-CT46QCH
7.mjs:3:1377)
    at Ae (file:///E:
/Aditi/asian/website/
node_modules/tailwind
css/dist/chunk-CT46QC
H7.mjs:21:172)
    at Wi (file:///E:
/Aditi/asian/website/
node_modules/tailwind
css/dist/chunk-CT46QC
H7.mjs:38:294)
    at async Za (file
:///E:/Aditi/asian/we
bsite/node_modules/ta
ilwindcss/dist/chunk-
CT46QCH7.mjs:38:631)
    at async rf (file
:///E:/Aditi/asian/we
bsite/node_modules/ta
ilwindcss/dist/chunk-
CT46QCH7.mjs:38:1406)
    at async lu (file
:///E:/Aditi/asian/we
bsite/node_modules/@t
ailwindcss/node/dist/
index.mjs:10:3458)[3
9m
